main.py:310: RuntimeWarning: invalid value encountered in sqrt
  h_b = (2*initial_r_b - np.sqrt(4*initial_r_b**2 - 4*r_b**2))/2
main.py:314: RuntimeWarning: invalid value encountered in sqrt
  h_r = (2*initial_r_r - np.sqrt(4*initial_r_r**2 - 4*r_r**2))/2
  0%|          | 0/1740 [00:00<?, ?it/s]  0%|          | 1/1740 [00:00<03:50,  7.54it/s]  5%|▌         | 95/1740 [00:11<03:26,  7.98it/s] 11%|█         | 190/1740 [00:19<02:32, 10.14it/s] 11%|█         | 190/1740 [00:30<02:32, 10.14it/s] 16%|█▋        | 285/1740 [01:54<12:21,  1.96it/s] 22%|██▏       | 380/1740 [03:28<15:49,  1.43it/s] 27%|██▋       | 475/1740 [05:03<17:02,  1.24it/s] 33%|███▎      | 570/1740 [06:38<17:00,  1.15it/s] 38%|███▊      | 665/1740 [08:13<16:23,  1.09it/s] 44%|████▎     | 760/1740 [09:47<15:20,  1.06it/s] 49%|████▉     | 855/1740 [11:21<14:05,  1.05it/s] 55%|█████▍    | 950/1740 [12:56<12:46,  1.03it/s] 60%|██████    | 1045/1740 [14:32<11:21,  1.02it/s] 66%|██████▌   | 1140/1740 [16:07<09:51,  1.01it/s] 71%|███████   | 1235/1740 [17:41<08:18,  1.01it/s] 76%|███████▋  | 1330/1740 [19:14<06:43,  1.02it/s] 82%|████████▏ | 1425/1740 [20:47<05:09,  1.02it/s] 87%|████████▋ | 1520/1740 [22:21<03:37,  1.01it/s] 93%|█████████▎| 1615/1740 [23:56<02:03,  1.01it/s] 98%|█████████▊| 1710/1740 [25:33<00:30,  1.00s/it]100%|██████████| 1740/1740 [25:33<00:00,  1.13it/s]
  0%|          | 0/1740 [00:00<?, ?it/s]  0%|          | 8/1740 [00:00<00:24, 71.97it/s]  1%|          | 16/1740 [00:00<00:23, 72.30it/s]  1%|▏         | 24/1740 [00:00<00:23, 72.24it/s]  2%|▏         | 32/1740 [00:00<00:22, 74.33it/s]  2%|▏         | 40/1740 [00:00<00:22, 74.22it/s]  3%|▎         | 48/1740 [00:00<00:23, 73.37it/s]  3%|▎         | 56/1740 [00:00<00:22, 73.29it/s]  4%|▎         | 65/1740 [00:00<00:21, 76.33it/s]  4%|▍         | 78/1740 [00:00<00:18, 91.69it/s]  5%|▌         | 93/1740 [00:01<00:15, 107.59it/s]  6%|▌         | 107/1740 [00:01<00:14, 116.38it/s]  7%|▋         | 120/1740 [00:01<00:13, 118.81it/s]  8%|▊         | 136/1740 [00:01<00:12, 128.41it/s]  9%|▊         | 150/1740 [00:01<00:12, 130.27it/s]  9%|▉         | 165/1740 [00:01<00:11, 135.81it/s] 10%|█         | 182/1740 [00:01<00:10, 144.85it/s] 12%|█▏        | 204/1740 [00:01<00:09, 164.75it/s] 13%|█▎        | 225/1740 [00:01<00:08, 176.91it/s] 14%|█▍        | 247/1740 [00:02<00:07, 187.38it/s] 16%|█▌        | 270/1740 [00:02<00:07, 198.99it/s] 17%|█▋        | 292/1740 [00:02<00:07, 203.52it/s] 18%|█▊        | 313/1740 [00:02<00:07, 202.28it/s] 19%|█▉        | 334/1740 [00:02<00:06, 204.14it/s] 20%|██        | 355/1740 [00:02<00:06, 204.00it/s] 22%|██▏       | 376/1740 [00:02<00:07, 189.34it/s] 23%|██▎       | 396/1740 [00:02<00:07, 174.56it/s] 24%|██▍       | 414/1740 [00:02<00:07, 166.44it/s] 25%|██▍       | 433/1740 [00:03<00:07, 171.03it/s] 26%|██▌       | 451/1740 [00:03<00:07, 170.16it/s] 27%|██▋       | 469/1740 [00:03<00:07, 166.53it/s] 28%|██▊       | 486/1740 [00:03<00:07, 160.90it/s] 29%|██▉       | 503/1740 [00:03<00:07, 159.28it/s] 30%|██▉       | 520/1740 [00:03<00:07, 161.13it/s] 31%|███       | 537/1740 [00:03<00:07, 158.79it/s] 32%|███▏      | 553/1740 [00:03<00:07, 154.56it/s] 33%|███▎      | 571/1740 [00:03<00:07, 160.88it/s] 34%|███▍      | 588/1740 [00:03<00:07, 163.17it/s] 35%|███▍      | 606/1740 [00:04<00:06, 166.44it/s] 36%|███▌      | 624/1740 [00:04<00:06, 168.77it/s] 37%|███▋      | 643/1740 [00:04<00:06, 174.55it/s] 38%|███▊      | 663/1740 [00:04<00:06, 178.37it/s] 39%|███▉      | 681/1740 [00:04<00:05, 178.71it/s] 40%|████      | 702/1740 [00:04<00:05, 185.34it/s] 42%|████▏     | 723/1740 [00:04<00:05, 191.64it/s] 43%|████▎     | 743/1740 [00:04<00:05, 184.33it/s] 44%|████▍     | 762/1740 [00:04<00:05, 184.19it/s] 45%|████▍     | 781/1740 [00:05<00:05, 182.86it/s] 46%|████▌     | 800/1740 [00:05<00:05, 180.69it/s] 47%|████▋     | 819/1740 [00:05<00:05, 178.48it/s] 48%|████▊     | 838/1740 [00:05<00:05, 178.80it/s] 49%|████▉     | 857/1740 [00:05<00:04, 181.85it/s] 50%|█████     | 876/1740 [00:05<00:05, 169.15it/s] 51%|█████▏    | 894/1740 [00:05<00:05, 158.80it/s] 52%|█████▏    | 911/1740 [00:05<00:05, 156.05it/s] 53%|█████▎    | 928/1740 [00:05<00:05, 158.79it/s] 55%|█████▍    | 950/1740 [00:06<00:04, 174.23it/s] 56%|█████▌    | 972/1740 [00:06<00:04, 185.45it/s] 57%|█████▋    | 991/1740 [00:06<00:04, 182.67it/s] 58%|█████▊    | 1010/1740 [00:06<00:04, 181.90it/s] 59%|█████▉    | 1029/1740 [00:06<00:04, 174.70it/s] 60%|██████    | 1047/1740 [00:06<00:04, 168.83it/s] 61%|██████    | 1064/1740 [00:06<00:04, 160.78it/s] 62%|██████▏   | 1081/1740 [00:06<00:04, 142.59it/s] 63%|██████▎   | 1096/1740 [00:07<00:05, 125.71it/s] 64%|██████▍   | 1113/1740 [00:07<00:04, 135.75it/s] 65%|██████▍   | 1130/1740 [00:07<00:04, 143.10it/s] 66%|██████▌   | 1145/1740 [00:07<00:05, 118.96it/s] 67%|██████▋   | 1158/1740 [00:07<00:05, 105.79it/s] 67%|██████▋   | 1170/1740 [00:07<00:06, 91.01it/s]  68%|██████▊   | 1180/1740 [00:07<00:06, 92.90it/s] 69%|██████▉   | 1197/1740 [00:07<00:04, 110.13it/s] 70%|██████▉   | 1212/1740 [00:08<00:04, 118.18it/s] 70%|███████   | 1225/1740 [00:08<00:04, 118.92it/s] 71%|███████   | 1238/1740 [00:08<00:04, 114.98it/s] 72%|███████▏  | 1250/1740 [00:08<00:04, 108.22it/s] 73%|███████▎  | 1262/1740 [00:08<00:04, 102.79it/s] 73%|███████▎  | 1273/1740 [00:08<00:04, 100.12it/s] 74%|███████▍  | 1284/1740 [00:08<00:04, 97.50it/s]  74%|███████▍  | 1294/1740 [00:08<00:04, 96.66it/s] 75%|███████▍  | 1304/1740 [00:09<00:04, 95.88it/s] 76%|███████▌  | 1314/1740 [00:09<00:04, 95.16it/s] 76%|███████▌  | 1324/1740 [00:09<00:04, 94.77it/s] 77%|███████▋  | 1334/1740 [00:09<00:04, 94.06it/s] 77%|███████▋  | 1344/1740 [00:09<00:04, 93.30it/s] 78%|███████▊  | 1355/1740 [00:09<00:04, 95.58it/s] 79%|███████▊  | 1366/1740 [00:09<00:03, 98.48it/s] 79%|███████▉  | 1378/1740 [00:09<00:03, 104.02it/s] 80%|███████▉  | 1390/1740 [00:09<00:03, 107.07it/s] 81%|████████  | 1403/1740 [00:09<00:03, 112.24it/s] 81%|████████▏ | 1415/1740 [00:10<00:02, 112.08it/s] 82%|████████▏ | 1428/1740 [00:10<00:02, 115.81it/s] 83%|████████▎ | 1440/1740 [00:10<00:02, 114.51it/s] 83%|████████▎ | 1452/1740 [00:10<00:02, 99.36it/s]  84%|████████▍ | 1464/1740 [00:10<00:02, 104.31it/s] 85%|████████▍ | 1477/1740 [00:10<00:02, 109.29it/s] 86%|████████▌ | 1489/1740 [00:10<00:03, 69.26it/s]  86%|████████▌ | 1498/1740 [00:11<00:04, 55.15it/s] 87%|████████▋ | 1506/1740 [00:11<00:05, 45.85it/s] 87%|████████▋ | 1512/1740 [00:11<00:05, 40.96it/s] 87%|████████▋ | 1518/1740 [00:11<00:06, 36.95it/s] 88%|████████▊ | 1523/1740 [00:12<00:05, 37.14it/s] 88%|████████▊ | 1529/1740 [00:12<00:05, 39.33it/s] 88%|████████▊ | 1534/1740 [00:12<00:05, 34.52it/s] 88%|████████▊ | 1538/1740 [00:12<00:06, 31.90it/s] 89%|████████▊ | 1542/1740 [00:12<00:06, 31.47it/s] 89%|████████▉ | 1546/1740 [00:12<00:06, 30.24it/s] 89%|████████▉ | 1550/1740 [00:12<00:06, 28.97it/s] 89%|████████▉ | 1553/1740 [00:13<00:06, 28.93it/s] 89%|████████▉ | 1557/1740 [00:13<00:06, 30.23it/s] 90%|████████▉ | 1561/1740 [00:13<00:05, 30.40it/s] 90%|████████▉ | 1565/1740 [00:13<00:06, 28.84it/s] 90%|█████████ | 1568/1740 [00:13<00:06, 27.67it/s] 90%|█████████ | 1571/1740 [00:13<00:06, 27.23it/s] 90%|█████████ | 1574/1740 [00:13<00:05, 27.69it/s] 91%|█████████ | 1577/1740 [00:13<00:05, 28.23it/s] 91%|█████████ | 1581/1740 [00:14<00:05, 29.28it/s] 91%|█████████ | 1586/1740 [00:14<00:04, 33.60it/s] 91%|█████████▏| 1590/1740 [00:14<00:04, 32.83it/s] 92%|█████████▏| 1594/1740 [00:14<00:04, 34.05it/s] 92%|█████████▏| 1598/1740 [00:14<00:04, 32.47it/s] 92%|█████████▏| 1602/1740 [00:14<00:04, 31.27it/s] 92%|█████████▏| 1606/1740 [00:14<00:04, 30.06it/s] 93%|█████████▎| 1610/1740 [00:14<00:04, 29.58it/s] 93%|█████████▎| 1613/1740 [00:15<00:04, 29.31it/s] 93%|█████████▎| 1617/1740 [00:15<00:03, 31.09it/s] 93%|█████████▎| 1621/1740 [00:15<00:03, 32.23it/s] 93%|█████████▎| 1625/1740 [00:15<00:03, 32.80it/s] 94%|█████████▎| 1629/1740 [00:15<00:03, 33.65it/s] 94%|█████████▍| 1633/1740 [00:15<00:03, 34.26it/s] 94%|█████████▍| 1641/1740 [00:15<00:02, 44.34it/s] 95%|█████████▍| 1647/1740 [00:15<00:01, 47.00it/s] 95%|█████████▌| 1655/1740 [00:15<00:01, 54.79it/s] 96%|█████████▌| 1668/1740 [00:16<00:00, 75.05it/s] 97%|█████████▋| 1682/1740 [00:16<00:00, 91.93it/s] 97%|█████████▋| 1696/1740 [00:16<00:00, 104.90it/s] 98%|█████████▊| 1708/1740 [00:16<00:00, 106.50it/s] 99%|█████████▉| 1719/1740 [00:16<00:00, 100.56it/s] 99%|█████████▉| 1730/1740 [00:16<00:00, 77.80it/s] 100%|█████████▉| 1739/1740 [00:16<00:00, 70.62it/s]100%|██████████| 1740/1740 [00:16<00:00, 102.76it/s]
18:34:45 [INFO] Animation.save using <class 'matplotlib.animation.FFMpegWriter'>
18:34:45 [INFO] MovieWriter._run: running command: ffmpeg -f rawvideo -vcodec rawvideo -s 800x500 -pix_fmt rgba -r 30 -loglevel error -i pipe: -vcodec h264 -pix_fmt yuv420p -vcodec libx264 -y ././25b25r-1/results_600/mean_squared_displacement/windowed_analysis/IMSD_wind.mp4
18:41:41 [INFO] Animation.save using <class 'matplotlib.animation.FFMpegWriter'>
18:41:41 [INFO] MovieWriter._run: running command: ffmpeg -f rawvideo -vcodec rawvideo -s 800x500 -pix_fmt rgba -r 30 -loglevel error -i pipe: -vcodec h264 -pix_fmt yuv420p -vcodec libx264 -y ././25b25r-1/results_600/mean_squared_displacement/windowed_analysis/EMSD_wind.mp4
18:45:53 [INFO] Animation.save using <class 'matplotlib.animation.FFMpegWriter'>
18:45:53 [INFO] MovieWriter._run: running command: ffmpeg -f rawvideo -vcodec rawvideo -s 1200x400 -pix_fmt rgba -r 30 -loglevel error -i pipe: -vcodec h264 -pix_fmt yuv420p -vcodec libx264 -y ././25b25r-1/results_600/mean_squared_displacement/windowed_analysis/EMSD_wind_v2.mp4
/home/matteo.scandola/projects/MasterThesis/analysis/analysis_utils.py:53: RuntimeWarning: invalid value encountered in double_scalars
  return A*v * np.exp(-v**beta/(2*sigma**beta))
  0%|          | 0/1740 [00:00<?, ?it/s]  5%|▌         | 95/1740 [00:26<07:43,  3.55it/s] 11%|█         | 190/1740 [00:32<03:56,  6.57it/s] 11%|█         | 190/1740 [00:45<03:56,  6.57it/s] 16%|█▋        | 285/1740 [02:08<13:13,  1.83it/s] 22%|██▏       | 380/1740 [03:43<16:24,  1.38it/s] 27%|██▋       | 475/1740 [05:20<17:31,  1.20it/s] 33%|███▎      | 570/1740 [06:55<17:19,  1.13it/s] 38%|███▊      | 665/1740 [08:30<16:34,  1.08it/s] 44%|████▎     | 760/1740 [10:04<15:27,  1.06it/s] 49%|████▉     | 855/1740 [11:40<14:14,  1.04it/s] 55%|█████▍    | 950/1740 [13:15<12:50,  1.03it/s] 60%|██████    | 1045/1740 [14:50<11:22,  1.02it/s] 66%|██████▌   | 1140/1740 [16:25<09:52,  1.01it/s] 71%|███████   | 1235/1740 [17:59<08:19,  1.01it/s] 76%|███████▋  | 1330/1740 [19:34<06:46,  1.01it/s] 82%|████████▏ | 1425/1740 [21:08<05:12,  1.01it/s] 87%|████████▋ | 1520/1740 [22:44<03:39,  1.00it/s] 93%|█████████▎| 1615/1740 [24:18<02:04,  1.01it/s] 98%|█████████▊| 1710/1740 [25:51<00:29,  1.01it/s]100%|██████████| 1740/1740 [25:51<00:00,  1.12it/s]
19:21:18 [INFO] Animation.save using <class 'matplotlib.animation.FFMpegWriter'>
19:21:18 [INFO] MovieWriter._run: running command: ffmpeg -f rawvideo -vcodec rawvideo -s 800x500 -pix_fmt rgba -r 30 -loglevel error -i pipe: -vcodec h264 -pix_fmt yuv420p -vcodec libx264 -y ././25b25r-1/results_600/speed_distribution/speed_wind.mp4
19:36:53 [INFO] Animation.save using <class 'matplotlib.animation.FFMpegWriter'>
19:36:53 [INFO] MovieWriter._run: running command: ffmpeg -f rawvideo -vcodec rawvideo -s 800x500 -pix_fmt rgba -r 30 -loglevel error -i pipe: -vcodec h264 -pix_fmt yuv420p -vcodec libx264 -y ././25b25r-1/results_600/speed_distribution/speed_wind_confront_generalized_MB.mp4
  0%|          | 0/1740 [00:00<?, ?it/s]  5%|▌         | 95/1740 [00:37<10:51,  2.53it/s] 11%|█         | 190/1740 [00:45<05:32,  4.66it/s] 11%|█         | 190/1740 [01:05<05:32,  4.66it/s] 16%|█▋        | 285/1740 [02:18<13:39,  1.78it/s] 22%|██▏       | 380/1740 [03:56<16:54,  1.34it/s] 27%|██▋       | 475/1740 [05:34<17:55,  1.18it/s] 33%|███▎      | 570/1740 [07:11<17:43,  1.10it/s] 38%|███▊      | 665/1740 [08:50<17:03,  1.05it/s] 44%|████▎     | 760/1740 [10:28<15:55,  1.03it/s] 49%|████▉     | 855/1740 [12:05<14:36,  1.01it/s] 55%|█████▍    | 950/1740 [13:43<13:12,  1.00s/it] 60%|██████    | 1045/1740 [15:20<11:41,  1.01s/it] 66%|██████▌   | 1140/1740 [16:57<10:06,  1.01s/it] 71%|███████   | 1235/1740 [18:32<08:29,  1.01s/it] 76%|███████▋  | 1330/1740 [20:08<06:54,  1.01s/it] 82%|████████▏ | 1425/1740 [21:43<05:17,  1.01s/it] 87%|████████▋ | 1520/1740 [23:18<03:40,  1.00s/it] 93%|█████████▎| 1615/1740 [24:54<02:05,  1.01s/it] 98%|█████████▊| 1710/1740 [26:30<00:30,  1.01s/it]100%|██████████| 1740/1740 [26:30<00:00,  1.09it/s]
20:26:00 [INFO] Animation.save using <class 'matplotlib.animation.FFMpegWriter'>
20:26:00 [INFO] MovieWriter._run: running command: ffmpeg -f rawvideo -vcodec rawvideo -s 800x500 -pix_fmt rgba -r 30 -loglevel error -i pipe: -vcodec h264 -pix_fmt yuv420p -vcodec libx264 -y ././25b25r-1/results_600/turning_angles/turn_ang_wind_gaussian.mp4
20:29:49 [INFO] Animation.save using <class 'matplotlib.animation.FFMpegWriter'>
20:29:49 [INFO] MovieWriter._run: running command: ffmpeg -f rawvideo -vcodec rawvideo -s 800x500 -pix_fmt rgba -r 30 -loglevel error -i pipe: -vcodec h264 -pix_fmt yuv420p -vcodec libx264 -y ././25b25r-1/results_600/turning_angles/turn_ang_wind_lorentzian.mp4
20:39:23 [INFO] Animation.save using <class 'matplotlib.animation.FFMpegWriter'>
20:39:23 [INFO] MovieWriter._run: running command: ffmpeg -f rawvideo -vcodec rawvideo -s 800x500 -pix_fmt rgba -r 30 -loglevel error -i pipe: -vcodec h264 -pix_fmt yuv420p -vcodec libx264 -y ././25b25r-1/results_600/velocity_autocovariance/vacf_wind.mp4
Traceback (most recent call last):
  File "main.py", line 1776, in <module>
    rdf_b = np.array(pd.read_parquet(f'./{analysis_data_path}/rdf/rdf_b.parquet'))
  File "/home/matteo.scandola/miniconda3/envs/csbdeep/lib/python3.7/site-packages/pandas/io/parquet.py", line 500, in read_parquet
    **kwargs,
  File "/home/matteo.scandola/miniconda3/envs/csbdeep/lib/python3.7/site-packages/pandas/io/parquet.py", line 236, in read
    mode="rb",
  File "/home/matteo.scandola/miniconda3/envs/csbdeep/lib/python3.7/site-packages/pandas/io/parquet.py", line 102, in _get_path_or_handle
    path_or_handle, mode, is_text=False, storage_options=storage_options
  File "/home/matteo.scandola/miniconda3/envs/csbdeep/lib/python3.7/site-packages/pandas/io/common.py", line 711, in get_handle
    handle = open(handle, ioargs.mode)
FileNotFoundError: [Errno 2] No such file or directory: '././25b25r-1/analysis_data_600/rdf/rdf_b.parquet'

During handling of the above exception, another exception occurred:

Traceback (most recent call last):
  File "main.py", line 1780, in <module>
    raise ValueError('rdf data not found. Run analysis first.')
ValueError: rdf data not found. Run analysis first.
Traceback (most recent call last):
  File "/home/matteo.scandola/miniconda3/envs/csbdeep/lib/python3.7/site-packages/joblib/externals/loky/backend/resource_tracker.py", line 281, in main
    registry[rtype][name] -= 1
KeyError: '/dev/shm/joblib_memmapping_folder_145113_4bca51301b2246f4833aacfde34cadb0_743d169900494c3a82ccfb88e871fb9b/145113-47938900261072-2c577acd14024cf0ae070268ace4c173.pkl'
Traceback (most recent call last):
  File "/home/matteo.scandola/miniconda3/envs/csbdeep/lib/python3.7/site-packages/joblib/externals/loky/backend/resource_tracker.py", line 281, in main
    registry[rtype][name] -= 1
KeyError: '/dev/shm/joblib_memmapping_folder_145113_4bca51301b2246f4833aacfde34cadb0_743d169900494c3a82ccfb88e871fb9b/145113-47938900261072-e741b7fadae244f0bdc3dc8b842aea97.pkl'
Traceback (most recent call last):
  File "/home/matteo.scandola/miniconda3/envs/csbdeep/lib/python3.7/site-packages/joblib/externals/loky/backend/resource_tracker.py", line 281, in main
    registry[rtype][name] -= 1
KeyError: '/dev/shm/joblib_memmapping_folder_145113_4bca51301b2246f4833aacfde34cadb0_743d169900494c3a82ccfb88e871fb9b/145113-47938900261072-2c577acd14024cf0ae070268ace4c173.pkl'
Traceback (most recent call last):
  File "/home/matteo.scandola/miniconda3/envs/csbdeep/lib/python3.7/site-packages/joblib/externals/loky/backend/resource_tracker.py", line 281, in main
    registry[rtype][name] -= 1
KeyError: '/dev/shm/joblib_memmapping_folder_145113_4bca51301b2246f4833aacfde34cadb0_743d169900494c3a82ccfb88e871fb9b/145113-47938900261072-e741b7fadae244f0bdc3dc8b842aea97.pkl'
